// Jest Snapshot v1, https://goo.gl/fbAQLP

exports[`icon render successfully 1`] = `
<svg
  className="night-with-icon night-with-icon-6 "
>
  <use
    xlinkHref="#add"
  />
</svg>
`;
